[themesflat.co/html/tecko/index.html]
[backblue.gif]
[fade.gif]
[index.html]
[themesflat.co/html/tecko/images/logo/loading.png]
[themesflat.co/html/tecko/index-2.html]
[themesflat.co/html/tecko/images/item/digital-agency-default.jpg]
[themesflat.co/html/tecko/index-one-page.html]
[themesflat.co/html/tecko/images/item/saas-technology.jpg]
[themesflat.co/html/tecko/saas-technology.html]
[themesflat.co/html/tecko/saas-technology-one-page.html]
[themesflat.co/html/tecko/images/item/software-company.jpg]
[themesflat.co/html/tecko/software-company.html]
[themesflat.co/html/tecko/software-company-one-page.html]
[themesflat.co/html/tecko/images/item/it-solution.jpg]
[themesflat.co/html/tecko/it-solution.html]
[themesflat.co/html/tecko/it-solution-one-page.html]
[themesflat.co/html/tecko/images/item/application-landing.jpg]
[themesflat.co/html/tecko/application-landing.html]
[themesflat.co/html/tecko/application-landing-one-page.html]
[themesflat.co/html/tecko/images/item/marketing-startup.jpg]
[themesflat.co/html/tecko/marketing-startup.html]
[themesflat.co/html/tecko/marketing-startup-one-page.html]
[themesflat.co/html/tecko/about-us.html]
[themesflat.co/html/tecko/team.html]
[themesflat.co/html/tecko/pricing.html]
[themesflat.co/html/tecko/shop.html]
[themesflat.co/html/tecko/shop-details.html]
[themesflat.co/html/tecko/blog-listing.html]
[themesflat.co/html/tecko/blog-grid.html]
[themesflat.co/html/tecko/single-post.html]
[themesflat.co/html/tecko/single-post-with-sidebar.html]
[themesflat.co/html/tecko/portfolio-grid.html]
[themesflat.co/html/tecko/portfolio-list.html]
[themesflat.co/html/tecko/single-project.html]
[themesflat.co/html/tecko/contact.html]
[themesflat.co/html/tecko/images/item/item-2.png]
[themesflat.co/html/tecko/images/banner/banner-2.jpg]
[themesflat.co/html/tecko/images/logo/brand-1.png]
[themesflat.co/html/tecko/images/logo/brand-2.png]
[themesflat.co/html/tecko/images/logo/brand-3.png]
[themesflat.co/html/tecko/images/logo/brand-4.png]
[themesflat.co/html/tecko/images/logo/brand-5.png]
[themesflat.co/html/tecko/images/section/section-why.png]
[themesflat.co/html/tecko/images/blog/service-1.jpg]
[themesflat.co/html/tecko/images/blog/service-2.jpg]
[themesflat.co/html/tecko/images/blog/service-3.jpg]
[themesflat.co/html/tecko/images/blog/service-4.jpg]
[themesflat.co/html/tecko/images/blog/thumbs-6.jpg]
[themesflat.co/html/tecko/images/blog/thumbs-7.jpg]
[themesflat.co/html/tecko/images/blog/thumbs-8.jpg]
[themesflat.co/html/tecko/images/blog/thumbs-10.jpg]
[themesflat.co/html/tecko/images/avatar/avatar-team-1.png]
[themesflat.co/html/tecko/images/avatar/avatar-team-2.png]
[themesflat.co/html/tecko/images/avatar/avatar-team-3.png]
[themesflat.co/html/tecko/images/avatar/avatar-team-4.png]
[themesflat.co/html/tecko/images/avatar/avatar-team-5.png]
[themesflat.co/html/tecko/images/avatar/avatar-team-6.png]
[themesflat.co/html/tecko/images/avatar/avatar-12.png]
[themesflat.co/html/tecko/js/bootstrap.min.js]
[themesflat.co/html/tecko/js/jquery.min.js]
[themesflat.co/html/tecko/js/lazysize.min.js]
[themesflat.co/html/tecko/js/swiper-bundle.min.js]
[themesflat.co/html/tecko/js/carousel.js]
[themesflat.co/html/tecko/js/wow.min.js]
[themesflat.co/html/tecko/js/odometer.min.js]
[themesflat.co/html/tecko/js/counter.js]
[themesflat.co/html/tecko/js/gsap.min.js]
[themesflat.co/html/tecko/js/ScrollTrigger.min.js]
[themesflat.co/html/tecko/js/Splitetext.js]
[themesflat.co/html/tecko/js/handleeffectgsap.js]
[themesflat.co/html/tecko/js/infinityslide.js]
[themesflat.co/html/tecko/js/simpleParallaxVanilla.umd.js]
[themesflat.co/html/tecko/js/SmoothScroll.js]
[themesflat.co/html/tecko/js/main.js]
[themesflat.co/html/tecko/index.html]
[themesflat.co/html/tecko/css/bootstrap.css]
[themesflat.co/html/tecko/css/animate.min.css]
[themesflat.co/html/tecko/css/swiper-bundle.min.css]
[themesflat.co/html/tecko/css/odometer.min.css]
[themesflat.co/html/tecko/images/backgroup/bg-testimonial.png]
[themesflat.co/html/tecko/images/backgroup/bg-accordion.png]
[themesflat.co/html/tecko/images/backgroup/bg-box-icon.jpg]
[themesflat.co/html/tecko/images/backgroup/bg-box-icon-2.png]
[themesflat.co/html/tecko/images/backgroup/bg-counter-1.jpg]
[themesflat.co/html/tecko/images/backgroup/bg-feature-1.png]
[themesflat.co/html/tecko/images/backgroup/bg-feature-2.png]
[themesflat.co/html/tecko/images/backgroup/bg-feature-3.png]
[themesflat.co/html/tecko/images/backgroup/bg-feature-4.png]
[themesflat.co/html/tecko/images/backgroup/bg-community.png]
[themesflat.co/html/tecko/images/backgroup/bg-contact.jpg]
[themesflat.co/html/tecko/images/backgroup/bg-3.jpg]
[themesflat.co/html/tecko/images/backgroup/bg-2.png]
[themesflat.co/html/tecko/images/backgroup/bg-1.jpg]
[themesflat.co/html/tecko/images/backgroup/bg-sub-3.png]
[themesflat.co/html/tecko/images/banner/pattern-1.png]
[themesflat.co/html/tecko/images/backgroup/bg-project.png]
[themesflat.co/html/tecko/images/backgroup/bg-testimonial-2.png]
[themesflat.co/html/tecko/images/backgroup/bg-testimonial-3.png]
[themesflat.co/html/tecko/images/backgroup/bg-testimonial-4.png]
[themesflat.co/html/tecko/images/backgroup/item-background.png]
[themesflat.co/html/tecko/images/backgroup/bg-join.png]
[themesflat.co/html/tecko/images/backgroup/bg-section-work.png]
[themesflat.co/html/tecko/images/backgroup/bg-indicator.png]
[themesflat.co/html/tecko/images/section/section-testimonial.png]
[themesflat.co/html/tecko/css/styles.css]
[themesflat.co/html/tecko/font/icomoon/fonts/icomoon159a.eot]
[themesflat.co/html/tecko/font/icomoon/fonts/icomoon159a.ttf]
[themesflat.co/html/tecko/font/icomoon/fonts/icomoon159a.woff]
[themesflat.co/html/tecko/font/icomoon/style.css]
[themesflat.co/html/tecko/images/logo/favicon.svg]
[themesflat.co/html/tecko/index-2.html]
[themesflat.co/html/tecko/index-one-page.html]
[themesflat.co/html/tecko/images/logo/brand-6.png]
[themesflat.co/html/tecko/images/logo/brand-7.png]
[themesflat.co/html/tecko/images/logo/brand-8.png]
[themesflat.co/html/tecko/images/logo/brand-9.png]
[themesflat.co/html/tecko/images/logo/brand-10.png]
[themesflat.co/html/tecko/images/logo/brand-11.png]
[themesflat.co/html/tecko/images/item/dashboard.jpg]
[themesflat.co/html/tecko/images/item/tech-1.png]
[themesflat.co/html/tecko/images/item/tech-2.png]
[themesflat.co/html/tecko/images/item/tech-3.png]
[themesflat.co/html/tecko/images/item/tech-4.png]
[themesflat.co/html/tecko/images/item/tech-5.png]
[themesflat.co/html/tecko/images/item/report-1.png]
[themesflat.co/html/tecko/images/item/section-progress-1.png]
[themesflat.co/html/tecko/images/item/section-progress-2.png]
[themesflat.co/html/tecko/images/item/achievement.png]
[themesflat.co/html/tecko/images/avatar/avatar-1.jpg]
[themesflat.co/html/tecko/images/avatar/avatar-14.jpg]
[themesflat.co/html/tecko/images/avatar/avatar-15.jpg]
[themesflat.co/html/tecko/images/item/ratings.png]
[themesflat.co/html/tecko/images/avatar/avatar-16.jpg]
[themesflat.co/html/tecko/images/avatar/avatar-17.jpg]
[themesflat.co/html/tecko/images/avatar/avatar-18.jpg]
[themesflat.co/html/tecko/images/backgroup/bg-promotion.png]
[themesflat.co/html/tecko/js/ScrollToPlugin.min.js]
[themesflat.co/html/tecko/saas-technology.html]
[themesflat.co/html/tecko/saas-technology-one-page.html]
[themesflat.co/html/tecko/images/avatar/avatar-5.jpg]
[themesflat.co/html/tecko/images/avatar/avatar-6.png]
[themesflat.co/html/tecko/images/avatar/avatar-7.png]
[themesflat.co/html/tecko/images/banner/banner-1.jpg]
[themesflat.co/html/tecko/images/section/about-us-1.jpg]
[themesflat.co/html/tecko/images/banner/banner-wrok-1.jpg]
[themesflat.co/html/tecko/images/banner/banner-wrok-2.jpg]
[themesflat.co/html/tecko/images/banner/banner-wrok-3.jpg]
[themesflat.co/html/tecko/images/banner/banner-wrok-4.jpg]
[themesflat.co/html/tecko/images/banner/banner-wrok-5.jpg]
[themesflat.co/html/tecko/images/avatar/avatar-20.png]
[themesflat.co/html/tecko/images/team/team-1.jpg]
[themesflat.co/html/tecko/images/team/team-2.jpg]
[themesflat.co/html/tecko/images/team/team-3.jpg]
[themesflat.co/html/tecko/images/team/team-4.jpg]
[themesflat.co/html/tecko/images/team/team-5.jpg]
[themesflat.co/html/tecko/images/blog/thumbs-1.jpg]
[themesflat.co/html/tecko/images/blog/thumbs-2.jpg]
[themesflat.co/html/tecko/images/blog/thumbs-3.jpg]
[themesflat.co/html/tecko/software-company.html]
[themesflat.co/html/tecko/software-company-one-page.html]
[themesflat.co/html/tecko/images/avatar/avatar-8.jpg]
[themesflat.co/html/tecko/images/avatar/avatar-9.jpg]
[themesflat.co/html/tecko/images/avatar/avatar-10.jpg]
[themesflat.co/html/tecko/images/avatar/avatar-11.jpg]
[themesflat.co/html/tecko/images/section/services-1.jpg]
[themesflat.co/html/tecko/images/section/services-2.jpg]
[themesflat.co/html/tecko/images/section/services-3.jpg]
[themesflat.co/html/tecko/images/section/services-4.jpg]
[themesflat.co/html/tecko/images/item/item-quote.png]
[themesflat.co/html/tecko/images/item/why-1.png]
[themesflat.co/html/tecko/images/item/why-2.png]
[themesflat.co/html/tecko/images/item/why-3.png]
[themesflat.co/html/tecko/images/project/project-8.jpg]
[themesflat.co/html/tecko/images/project/project-7.jpg]
[themesflat.co/html/tecko/images/project/project-5.jpg]
[themesflat.co/html/tecko/images/project/project-9.jpg]
[themesflat.co/html/tecko/images/project/project-4.jpg]
[themesflat.co/html/tecko/images/blog/thumbs-9.jpg]
[themesflat.co/html/tecko/images/blog/thumbs-13.jpg]
[themesflat.co/html/tecko/images/logo/logo-home-4.png]
[themesflat.co/html/tecko/js/bootstrap-select.min.js]
[themesflat.co/html/tecko/it-solution.html]
[themesflat.co/html/tecko/it-solution-one-page.html]
[themesflat.co/html/tecko/images/item/phone-1.png]
[themesflat.co/html/tecko/images/section/cash-item.png]
[themesflat.co/html/tecko/images/item/chart-item-1.png]
[themesflat.co/html/tecko/images/section/food-item.png]
[themesflat.co/html/tecko/images/item/chart-item-2.png]
[themesflat.co/html/tecko/images/item/phone-4.png]
[themesflat.co/html/tecko/images/item/get-app-item.png]
[themesflat.co/html/tecko/images/item/app-store.jpg]
[themesflat.co/html/tecko/images/item/ch-palay.jpg]
[themesflat.co/html/tecko/images/item/phone-2.png]
[themesflat.co/html/tecko/images/backgroup/bg-dowload.png]
[themesflat.co/html/tecko/images/backgroup/bg-dowload-2.png]
[themesflat.co/html/tecko/images/logo/Logo-1.png]
[themesflat.co/html/tecko/images/logo/Logo-2.png]
[themesflat.co/html/tecko/images/logo/Logo-3.png]
[themesflat.co/html/tecko/images/logo/Logo-4.png]
[themesflat.co/html/tecko/images/logo/Logo-5.png]
[themesflat.co/html/tecko/images/logo/Logo-6.png]
[themesflat.co/html/tecko/images/backgroup/bg-intergration-1.png]
[themesflat.co/html/tecko/images/backgroup/bg-intergration-2.png]
[themesflat.co/html/tecko/images/section/section-work.jpg]
[themesflat.co/html/tecko/images/avatar/avatar-22.jpg]
[themesflat.co/html/tecko/images/avatar/avatar-23.jpg]
[themesflat.co/html/tecko/images/avatar/avatar-24.jpg]
[themesflat.co/html/tecko/application-landing.html]
[themesflat.co/html/tecko/application-landing-one-page.html]
[themesflat.co/html/tecko/images/logo/logo-home6.png]
[themesflat.co/html/tecko/images/item/item-1.png]
[themesflat.co/html/tecko/images/section/section-service.png]
[themesflat.co/html/tecko/images/section/section-indicator.png]
[themesflat.co/html/tecko/images/logo/brand-12.png]
[themesflat.co/html/tecko/images/logo/brand-13.png]
[themesflat.co/html/tecko/images/logo/brand-14.png]
[themesflat.co/html/tecko/images/logo/brand-15.png]
[themesflat.co/html/tecko/images/logo/brand-16.png]
[themesflat.co/html/tecko/images/logo/brand-17.png]
[themesflat.co/html/tecko/images/section/showcase-item-1.jpg]
[themesflat.co/html/tecko/images/section/showcase-item-2.jpg]
[themesflat.co/html/tecko/images/section/showcase-item-3.jpg]
[themesflat.co/html/tecko/images/section/showcase-item-4.jpg]
[themesflat.co/html/tecko/images/section/showcase-item-5.jpg]
[themesflat.co/html/tecko/images/section/process-item-5.jpg]
[themesflat.co/html/tecko/images/section/process-item-6.jpg]
[themesflat.co/html/tecko/images/section/process-item-7.jpg]
[themesflat.co/html/tecko/images/item/item-contact.png]
[themesflat.co/html/tecko/marketing-startup.html]
[themesflat.co/html/tecko/marketing-startup-one-page.html]
[themesflat.co/html/tecko/images/section/about.jpg]
[themesflat.co/html/tecko/images/section/about-us-2.jpg]
[themesflat.co/html/tecko/images/team/team-6.jpg]
[themesflat.co/html/tecko/images/team/team-7.jpg]
[themesflat.co/html/tecko/images/team/team-8.jpg]
[themesflat.co/html/tecko/images/team/team-9.jpg]
[themesflat.co/html/tecko/images/item/section-value.png]
[themesflat.co/html/tecko/images/item/client.png]
[themesflat.co/html/tecko/images/item/quotes.png]
[themesflat.co/html/tecko/images/section/section-culture.jpg]
[themesflat.co/html/tecko/images/avatar/avatar-25.jpg]
[themesflat.co/html/tecko/images/avatar/avatar-26.jpg]
[themesflat.co/html/tecko/about-us.html]
[themesflat.co/html/tecko/images/team/team-10.jpg]
[themesflat.co/html/tecko/images/team/team-11.jpg]
[themesflat.co/html/tecko/images/team/team-12.jpg]
[themesflat.co/html/tecko/images/team/team-13.jpg]
[themesflat.co/html/tecko/images/team/team-14.jpg]
[themesflat.co/html/tecko/images/team/team-15.jpg]
[themesflat.co/html/tecko/images/team/team-16.jpg]
[themesflat.co/html/tecko/team.html]
[themesflat.co/html/tecko/images/item/bronze.png]
[themesflat.co/html/tecko/images/item/diamond.png]
[themesflat.co/html/tecko/images/item/silver.png]
[themesflat.co/html/tecko/pricing.html]
[themesflat.co/html/tecko/images/shop/product-1.jpg]
[themesflat.co/html/tecko/images/shop/product-2.jpg]
[themesflat.co/html/tecko/images/shop/product-3.jpg]
[themesflat.co/html/tecko/images/shop/product-4.jpg]
[themesflat.co/html/tecko/images/shop/product-5.jpg]
[themesflat.co/html/tecko/images/shop/product-6.jpg]
[themesflat.co/html/tecko/images/shop/product-7.jpg]
[themesflat.co/html/tecko/images/shop/product-8.jpg]
[themesflat.co/html/tecko/images/shop/product-9.jpg]
[themesflat.co/html/tecko/images/shop/product-10.jpg]
[themesflat.co/html/tecko/images/shop/product-11.jpg]
[themesflat.co/html/tecko/images/shop/product-12.jpg]
[themesflat.co/html/tecko/js/nouislider.min.js]
[themesflat.co/html/tecko/shop.html]
[themesflat.co/html/tecko/images/shop/thumbs-1.jpg]
[themesflat.co/html/tecko/images/shop/thumbs-2.jpg]
[themesflat.co/html/tecko/images/shop/thumbs-3.jpg]
[themesflat.co/html/tecko/images/shop/thumbs-4.jpg]
[themesflat.co/html/tecko/images/shop/thumbs-5.jpg]
[themesflat.co/html/tecko/images/shop/thumbs-main-1.jpg]
[themesflat.co/html/tecko/images/shop/thumbs-main-2.jpg]
[themesflat.co/html/tecko/images/shop/thumbs-main-3.jpg]
[themesflat.co/html/tecko/images/shop/thumbs-main-4.jpg]
[themesflat.co/html/tecko/images/shop/thumbs-main-5.jpg]
[themesflat.co/html/tecko/images/avatar/avatar-2.jpg]
[themesflat.co/html/tecko/images/avatar/avatar-3.jpg]
[themesflat.co/html/tecko/js/model-viewer.min.js]
[themesflat.co/html/tecko/js/drift.min.js]
[themesflat.co/html/tecko/js/zoom.js]
[themesflat.co/html/tecko/shop-details.html]
[themesflat.co/html/tecko/images/blog/big-Thumb.jpg]
[themesflat.co/html/tecko/images/blog/thumbs-4.jpg]
[themesflat.co/html/tecko/images/blog/thumbs-5.jpg]
[themesflat.co/html/tecko/blog-listing.html]
[themesflat.co/html/tecko/images/blog/big-Thumb-2.jpg]
[themesflat.co/html/tecko/images/blog/big-Thumb-3.jpg]
[themesflat.co/html/tecko/images/blog/big-Thumb-4.jpg]
[themesflat.co/html/tecko/images/blog/big-Thumb-5.jpg]
[themesflat.co/html/tecko/images/blog/thumbs-11.jpg]
[themesflat.co/html/tecko/images/blog/thumbs-12.jpg]
[themesflat.co/html/tecko/images/blog/recent-post-1.jpg]
[themesflat.co/html/tecko/images/blog/recent-post-2.jpg]
[themesflat.co/html/tecko/blog-grid.html]
[themesflat.co/html/tecko/images/blog/post-single-main-1.jpg]
[themesflat.co/html/tecko/images/blog/post-single-1.jpg]
[themesflat.co/html/tecko/images/blog/thumbs-14.jpg]
[themesflat.co/html/tecko/single-post.html]
[themesflat.co/html/tecko/images/blog/post-single-main-2.jpg]
[themesflat.co/html/tecko/images/blog/post-single-2.jpg]
[themesflat.co/html/tecko/images/blog/post-single-3.jpg]
[themesflat.co/html/tecko/images/avatar/avatar-4.jpg]
[themesflat.co/html/tecko/single-post-with-sidebar.html]
[themesflat.co/html/tecko/images/project/project-1.jpg]
[themesflat.co/html/tecko/images/project/project-2.jpg]
[themesflat.co/html/tecko/images/project/project-3.jpg]
[themesflat.co/html/tecko/images/project/project-6.jpg]
[themesflat.co/html/tecko/portfolio-grid.html]
[themesflat.co/html/tecko/portfolio-list.html]
[themesflat.co/html/tecko/images/banner/thumbs-main.jpg]
[themesflat.co/html/tecko/images/section/project-detail-1.jpg]
[themesflat.co/html/tecko/images/section/project-detail-2.jpg]
[themesflat.co/html/tecko/images/section/project-detail-3.jpg]
[themesflat.co/html/tecko/images/section/process-item-1.jpg]
[themesflat.co/html/tecko/images/section/process-item-2.jpg]
[themesflat.co/html/tecko/images/section/process-item-3.jpg]
[themesflat.co/html/tecko/images/section/process-item-4.jpg]
[themesflat.co/html/tecko/images/section/section-result-1.jpg]
[themesflat.co/html/tecko/images/section/section-result-2.jpg]
[themesflat.co/html/tecko/images/section/section-testimonial-2.png]
[themesflat.co/html/tecko/images/avatar/avatar-1.1.jpg]
[themesflat.co/html/tecko/single-project.html]
[themesflat.co/html/tecko/js/map.min.js]
[themesflat.co/html/tecko/js/map.js]
[themesflat.co/html/tecko/contact.html]
[themesflat.co/html/tecko/images/icon/icon-box-1.svg]
[themesflat.co/html/tecko/images/icon/icon-box-2.svg]
[themesflat.co/html/tecko/images/icon/icon-box-3.svg]
[themesflat.co/html/tecko/images/icon/icon-box-4.svg]
[themesflat.co/html/tecko/images/icon/icon-box-5.svg]
[themesflat.co/html/tecko/images/icon/icon-box-6.svg]
[themesflat.co/html/tecko/images/logo/logo-home-1.svg]
[themesflat.co/html/tecko/css/bootstrap-select.min.css]
[themesflat.co/html/tecko/images/item/border.svg]
[themesflat.co/html/tecko/images/icon/icon-line.svg]
[themesflat.co/html/tecko/font/icomoon/fonts/icomoon159a.svg]
[themesflat.co/html/tecko/images/icon/multi-start.svg]
[themesflat.co/html/tecko/images/icon/heart-1.svg]
[themesflat.co/html/tecko/images/icon/icon-box-st-3-1.svg]
[themesflat.co/html/tecko/images/icon/icon-box-st-3-2.svg]
[themesflat.co/html/tecko/images/icon/icon-box-st-3-3.svg]
[themesflat.co/html/tecko/images/icon/heart-2.svg]
[themesflat.co/html/tecko/images/icon/icon-box-7.svg]
[themesflat.co/html/tecko/images/icon/icon-box-8.svg]
[themesflat.co/html/tecko/images/icon/icon-box-9.svg]
[themesflat.co/html/tecko/images/icon/icon-box-10.svg]
[themesflat.co/html/tecko/images/icon/icon-box-11.svg]
[themesflat.co/html/tecko/images/icon/icon-box-12.svg]
[themesflat.co/html/tecko/images/icon/icon-box-13.svg]
[themesflat.co/html/tecko/images/icon/icon-box-14.svg]
[themesflat.co/html/tecko/images/logo/logo-home-2.svg]
[themesflat.co/html/tecko/images/icon/icon-box-st-4-1.svg]
[themesflat.co/html/tecko/images/icon/icon-box-st-4-2.svg]
[themesflat.co/html/tecko/images/icon/icon-box-st-4-3.svg]
[themesflat.co/html/tecko/images/logo/logo-home-3.svg]
[themesflat.co/html/tecko/images/item/s-company.html]
[themesflat.co/html/tecko/images/icon/plane.svg]
[themesflat.co/html/tecko/images/icon/icon-box-st-5-1.svg]
[themesflat.co/html/tecko/images/icon/icon-box-st-5-2.svg]
[themesflat.co/html/tecko/images/icon/icon-check.svg]
[themesflat.co/html/tecko/images/logo/logo-home-5.svg]
[themesflat.co/html/tecko/images/icon/icon-quote.svg]
[themesflat.co/html/tecko/css/drift-basic.min.css]
[themesflat.co/html/tecko/css/photoswipe.css]
[themesflat.co/html/tecko/images/icon/icon-quote-2.svg]
[themesflat.co/html/tecko/js/ScrollSmoother.min.html]
[themesflat.co/html/tecko/js/smoth-script.html]
[themesflat.co/html/tecko/single-product.html]
[themesflat.co/html/tecko/css/map.min.css]
